Scope: all 8 workspace projects
Progress: resolved 1, reused 0, downloaded 0, added 0
Progress: resolved 34, reused 0, downloaded 27, added 0
Progress: resolved 188, reused 0, downloaded 169, added 0
Progress: resolved 272, reused 0, downloaded 253, added 0
Progress: resolved 408, reused 0, downloaded 368, added 0
Progress: resolved 612, reused 0, downloaded 515, added 0
Progress: resolved 815, reused 0, downloaded 664, added 0
Progress: resolved 1009, reused 0, downloaded 832, added 0
Progress: resolved 1245, reused 0, downloaded 1055, added 0
Progress: resolved 1429, reused 0, downloaded 1181, added 0
Progress: resolved 1473, reused 0, downloaded 1286, added 0
 WARN  17 deprecated subdependencies found: @humanwhocodes/config-array@0.11.14, @humanwhocodes/object-schema@2.0.3, @swc/register@0.1.10, @types/minimatch@6.0.0, @types/sass@1.45.0, acorn-import-assertions@1.9.0, eslint@8.41.0, glob@10.2.6, glob@10.5.0, glob@7.2.3, inflight@1.0.6, rimraf@3.0.2, rollup-plugin-inject@3.0.2, sourcemap-codec@1.4.8, uuid@8.3.2, webpack-chain@6.5.1, whatwg-encoding@3.1.1
Packages: +1291
++++++++++++++++++++++++++++++++++++++++++++++++++++++++++++++++++++++++++++++++
Progress: resolved 1474, reused 0, downloaded 1292, added 17
Progress: resolved 1474, reused 0, downloaded 1292, added 18
Progress: resolved 1474, reused 0, downloaded 1292, added 561
Progress: resolved 1474, reused 0, downloaded 1292, added 756
Progress: resolved 1474, reused 0, downloaded 1292, added 1160
Progress: resolved 1474, reused 0, downloaded 1292, added 1281
Progress: resolved 1474, reused 0, downloaded 1292, added 1289
Progress: resolved 1474, reused 0, downloaded 1292, added 1290
Progress: resolved 1474, reused 0, downloaded 1292, added 1291, done
.../esbuild@0.21.5/node_modules/esbuild postinstall$ node install.js
.../esbuild@0.25.12/node_modules/esbuild postinstall$ node install.js
.../node_modules/workerd postinstall$ node install.js
.../esbuild@0.17.19/node_modules/esbuild postinstall$ node install.js
.../esbuild@0.28.2/node_modules/esbuild postinstall$ node install.js
.../esbuild@0.21.5/node_modules/esbuild postinstall: Done
.../sharp@0.33.5/node_modules/sharp install$ node install/check
.../sharp@0.33.5/node_modules/sharp install: Done
.../node_modules/workerd postinstall: Done
.../esbuild@0.17.19/node_modules/esbuild postinstall: Done
.../esbuild@0.28.2/node_modules/esbuild postinstall: Done
.../esbuild@0.25.12/node_modules/esbuild postinstall: Done
 WARN  Issues with peer dependencies found
packages/miniapp
├─┬ @tarojs/webpack5-runner 4.2.1
│ └── ✕ unmet peer less@^4: found 3.13.1
└─┬ @tarojs/plugin-framework-react 4.2.1
  └── ✕ unmet peer vite@^4: found 6.4.2

devDependencies:
+ typescript 5.9.3 (7.0.2 is available)
+ vitest 3.2.7

╭ Warning ─────────────────────────────────────────────────────────────────────╮
│                                                                              │
│   Ignored build scripts: @parcel/watcher@2.6.0, @swc/core@1.3.96,            │
│   @tarojs/binding@4.2.1, @tarojs/cli@4.2.1, core-js-pure@3.50.0,             │
│   core-js@3.50.0.                                                            │
│   Run "pnpm approve-builds" to pick which dependencies should be allowed     │
│   to run scripts.                                                            │
│                                                                              │
╰──────────────────────────────────────────────────────────────────────────────╯
Done in 32.6s using pnpm v10.33.0
Scope: all 8 workspace projects
Lockfile is up to date, resolution step is skipped
Already up to date

╭ Warning ─────────────────────────────────────────────────────────────────────╮
│                                                                              │
│   Ignored build scripts: @parcel/watcher@2.6.0, @swc/core@1.3.96,            │
│   @tarojs/binding@4.2.1, @tarojs/cli@4.2.1, core-js-pure@3.50.0,             │
│   core-js@3.50.0.                                                            │
│   Run "pnpm approve-builds" to pick which dependencies should be allowed     │
│   to run scripts.                                                            │
│                                                                              │
╰──────────────────────────────────────────────────────────────────────────────╯
Done in 2.8s using pnpm v10.33.0

> @ppx/miniapp@0.0.0 typecheck /home/runner/work/plugin-marketplace/plugin-marketplace/packages/miniapp
> tsc -p tsconfig.json --noEmit

error TS2688: Cannot find type definition file for 'plugin-framework-react'.
  The file is in the program because:
    Entry point for implicit type library 'plugin-framework-react'
error TS2688: Cannot find type definition file for 'taro-loader'.
  The file is in the program because:
    Entry point for implicit type library 'taro-loader'
error TS2688: Cannot find type definition file for 'webpack5-runner'.
  The file is in the program because:
    Entry point for implicit type library 'webpack5-runner'
/home/runner/work/plugin-marketplace/plugin-marketplace/packages/miniapp:
 ERR_PNPM_RECURSIVE_RUN_FIRST_FAIL  @ppx/miniapp@0.0.0 typecheck: `tsc -p tsconfig.json --noEmit`
Exit status 2

> @ppx/miniapp@0.0.0 build /home/runner/work/plugin-marketplace/plugin-marketplace/packages/miniapp
> taro build --type weapp

👽 Taro v4.2.1

Tips:
1. 建议开启持久化缓存功能，能有效提升二次编译速度，详情请参考: https://docs.taro.zone/docs/config-detail#cache。



● Webpack █████████████████████████  (0%)  
 

[2K[1A[2K[1A[2K[1A[2K[1A[2K[G
● Webpack █████████████████████████ building (10%) 0/5 entries 5/5 dependencie
s 0/5 modules 1 active 
 babel-loader › src/app.config.ts

[2K[1A[2K[1A[2K[1A[2K[1A[2K[1A[2K[G
● Webpack █████████████████████████ sealing (75%) chunk optimization 
 RemoveEmptyChunksPlugin

[2K[1A[2K[1A[2K[1A[2K[1A[2K[G
● Webpack █████████████████████████ sealing (92%) asset processing 
 CssMinimizerPlugin

[2K[1A[2K[1A[2K[1A[2K[1A[2K[G
✖ Webpack
  Compiled with some errors in 253.80ms

✖ Errors: 

ModuleBuildError: Module build failed (from ../../node_modules/.pnpm/babel-loader@8.2.1_@babel+core@7.29.0_webpack@5.91.0_@swc+core@1.3.96_lightningcss@1.33.0_postcss@8.5.15_/node_modules/babel-loader/lib/index.js):
Error: [BABEL] /home/runner/work/plugin-marketplace/plugin-marketplace/node_modules/.pnpm/@tarojs+webpack5-runner@4.2.1_@babel+core@7.29.0_@swc+core@1.3.96_@tarojs+runtime@4.2.1_0c18e87c1d78faa1550ac4fe88f11613/node_modules/@tarojs/webpack5-runner/dist/template/comp.js: Cannot find module '@babel/preset-react'
Require stack:
- /home/runner/work/plugin-marketplace/plugin-marketplace/node_modules/.pnpm/babel-preset-taro@4.2.1_@babel+core@7.29.0_@babel+plugin-transform-typescript@7.29.7_@babel+core@7.29.0_/node_modules/babel-preset-taro/index.js
- /home/runner/work/plugin-marketplace/plugin-marketplace/node_modules/.pnpm/@babel+core@7.29.0/node_modules/@babel/core/lib/config/files/module-types.js
- /home/runner/work/plugin-marketplace/plugin-marketplace/node_modules/.pnpm/@babel+core@7.29.0/node_modules/@babel/core/lib/config/files/configuration.js
- /home/runner/work/plugin-marketplace/plugin-marketplace/node_modules/.pnpm/@babel+core@7.29.0/node_modules/@babel/core/lib/config/files/index.js
- /home/runner/work/plugin-marketplace/plugin-marketplace/node_modules/.pnpm/@babel+core@7.29.0/node_modules/@babel/core/lib/index.js
- /home/runner/work/plugin-marketplace/plugin-marketplace/node_modules/.pnpm/@tarojs+helper@4.2.1/node_modules/@tarojs/helper/dist/utils.js
- /home/runner/work/plugin-marketplace/plugin-marketplace/node_modules/.pnpm/@tarojs+helper@4.2.1/node_modules/@tarojs/helper/dist/npm.js
- /home/runner/work/plugin-marketplace/plugin-marketplace/node_modules/.pnpm/@tarojs+helper@4.2.1/node_modules/@tarojs/helper/dist/index.js
- /home/runner/work/plugin-marketplace/plugin-marketplace/node_modules/.pnpm/@tarojs+helper@4.2.1/node_modules/@tarojs/helper/index.js
- /home/runner/work/plugin-marketplace/plugin-marketplace/node_modules/.pnpm/@tarojs+cli@4.2.1_@types+node@22.19.19/node_modules/@tarojs/cli/dist/util/index.js
- /home/runner/work/plugin-marketplace/plugin-marketplace/node_modules/.pnpm/@tarojs+cli@4.2.1_@types+node@22.19.19/node_modules/@tarojs/cli/bin/taro (While processing: "/home/runner/work/plugin-marketplace/plugin-marketplace/node_modules/.pnpm/babel-preset-taro@4.2.1_@babel+core@7.29.0_@babel+plugin-transform-typescript@7.29.7_@babel+core@7.29.0_/node_modules/babel-preset-taro/index.js")
    at Generator.next (<anonymous>)
    at Generator.next (<anonymous>)
    at Generator.next (<anonymous>)
    at Generator.next (<anonymous>)
    at cachedFunction.next (<anonymous>)
    at loadPresetDescriptor.next (<anonymous>)
    at recursePresetDescriptors.next (<anonymous>)
    at Generator.next (<anonymous>)
    at loadFullConfig.next (<anonymous>)
    at transform.next (<anonymous>)

/home/runner/work/plugin-marketplace/plugin-marketplace/packages/miniapp:
 ERR_PNPM_RECURSIVE_RUN_FIRST_FAIL  @ppx/miniapp@0.0.0 build: `taro build --type weapp`
Exit status 1
Missing expected build output: packages/miniapp/dist/app.json
